------------------------------------------------------------
TimeQuest Timing Analyzer Summary
------------------------------------------------------------

Type  : Slow Model Setup 'clock_divider:CLOCK|q~_Duplicate_1'
Slack : -52.569
TNS   : -4281.522

Type  : Slow Model Setup 'CLOCK_50'
Slack : -3.697
TNS   : -51.234

Type  : Slow Model Hold 'CLOCK_50'
Slack : -2.521
TNS   : -2.976

Type  : Slow Model Hold 'clock_divider:CLOCK|q~_Duplicate_1'
Slack : 0.391
TNS   : 0.000

Type  : Slow Model Minimum Pulse Width 'clock_divider:CLOCK|q~_Duplicate_1'
Slack : -1.423
TNS   : -613.768

Type  : Slow Model Minimum Pulse Width 'CLOCK_50'
Slack : -1.380
TNS   : -22.380

Type  : Fast Model Setup 'clock_divider:CLOCK|q~_Duplicate_1'
Slack : -22.702
TNS   : -1657.209

Type  : Fast Model Setup 'CLOCK_50'
Slack : -1.151
TNS   : -12.824

Type  : Fast Model Hold 'CLOCK_50'
Slack : -1.567
TNS   : -2.047

Type  : Fast Model Hold 'clock_divider:CLOCK|q~_Duplicate_1'
Slack : 0.215
TNS   : 0.000

Type  : Fast Model Minimum Pulse Width 'clock_divider:CLOCK|q~_Duplicate_1'
Slack : -1.519
TNS   : -615.304

Type  : Fast Model Minimum Pulse Width 'CLOCK_50'
Slack : -1.380
TNS   : -22.380

------------------------------------------------------------
